4.0467348960e+00
3.7101693534e+00
-4.4385821321e+00
4.5809283177e+00
4.4903219904e+00
-1.3049294090e+00
3.2325892089e+00
2.9892297694e+00
3.5784609464e+00
-4.6610188848e+00
