3.3759303811e+00
3.7614114662e-01
2.9452688654e+00
4.4478217710e+00
2.5372844154e+00
-2.9111150152e-01
-2.9396279561e+00
-4.8098712242e+00
1.0162482408e-01
-4.5880062460e+00
1.6014098494e+00
8.0631227492e-01
1.7468295535e+00
-1.2096913842e+00
-8.6710739536e-01
1.1922074391e+00
-2.4635430960e+00
2.4048766306e+00
3.6786392569e+00
-4.6977673682e+00
-7.9474465104e-01
-2.2865780724e+00
3.3336257481e+00
-8.5839140378e-01
3.2967696825e+00
3.5211019198e+00
-3.9314731078e+00
4.3381101672e+00
-1.7788221749e-02
-1.1317492146e+00
3.6890828019e+00
-1.1531630303e+00
4.4420927252e-01
2.4864424007e+00
-4.1654790718e+00
-1.6304947980e+00
-4.1994326338e+00
-3.5045107694e+00
-2.1139443223e+00
-2.9311027755e+00
-2.9391931853e-01
1.1591233820e+00
2.7860488470e+00
-3.9421440715e+00
-2.7219617235e+00
8.9320880590e-01
-2.9180325026e+00
8.3600251410e-01
3.3268428896e-01
-2.4254194125e+00
